// Jest Snapshot v1, https://goo.gl/fbAQLP

exports[`Helloworld Like counter 1`] = `
<div>
  <h1>
    Hello, world!
  </h1>
  <h2>
    It is 
    01:20:30
     precisely!
  </h2>
  Likes : 
  <span>
    0
  </span>
  <div>
    <button
      onClick={[Function]}
    >
      Like Me
    </button>
  </div>
</div>
`;

exports[`Helloworld Like counter 2`] = `
<div>
  <h1>
    Hello, world!
  </h1>
  <h2>
    It is 
    01:20:30
     precisely!
  </h2>
  Likes : 
  <span>
    1
  </span>
  <div>
    <button
      onClick={[Function]}
    >
      Like Me
    </button>
  </div>
</div>
`;

exports[`Helloworld Like counter 3`] = `
<div>
  <h1>
    Hello, world!
  </h1>
  <h2>
    It is 
    01:20:30
     precisely!
  </h2>
  Likes : 
  <span>
    2
  </span>
  <div>
    <button
      onClick={[Function]}
    >
      Like Me
    </button>
  </div>
</div>
`;
