// Jest Snapshot v1, https://goo.gl/fbAQLP

exports[`<Square /> renders <Square /> component 1`] = `
<button
  className="square"
  onClick={[Function]}
/>
`;
